../Core/Src/main.c:79:6:HAL_TIM_PeriodElapsedCallback	2
../Core/Src/main.c:91:5:main	3
../Core/Src/main.c:168:6:SystemClock_Config	3
../Core/Src/main.c:203:13:MX_CAN_Init	2
../Core/Src/main.c:240:13:MX_TIM14_Init	2
../Core/Src/main.c:271:13:MX_USART2_UART_Init	2
../Core/Src/main.c:306:13:MX_GPIO_Init	1
../Core/Src/main.c:321:13:gpsCommand	1
../Core/Src/main.c:326:13:uartWrite	1
../Core/Src/main.c:331:25:uartRecv	1
../Core/Src/main.c:338:16:getFrame	12
../Core/Src/main.c:364:13:processFrame	7
../Core/Src/main.c:401:13:CAN_Send8	1
../Core/Src/main.c:420:6:Error_Handler	1
